=== kokoro/mlx-audio spike Fri Jun  5 18:55:19 EDT 2026 ===
Downloading cpython-3.12.13-macos-aarch64-none (download) (23.8MiB)
 Downloaded cpython-3.12.13-macos-aarch64-none (download)
Using CPython 3.12.13
Creating virtual environment at: .venv
Activate with: source .venv/bin/activate
installing mlx-audio + mlx-lm...
Resolved 40 packages in 402ms
Downloading mlx-audio (1.3MiB)
Downloading transformers (10.5MiB)
Downloading hf-xet (3.6MiB)
Downloading numpy (5.0MiB)
Downloading mlx-metal (53.2MiB)
Downloading scipy (19.4MiB)
Downloading tokenizers (2.8MiB)
Downloading sentencepiece (1.2MiB)
 Downloaded sentencepiece
 Downloaded tokenizers
 Downloaded mlx-audio
 Downloaded hf-xet
 Downloaded numpy
 Downloaded transformers
 Downloaded scipy
 Downloaded mlx-metal
Prepared 31 packages in 2.04s
Installed 40 packages in 150ms
 + annotated-doc==0.0.4
 + anyio==4.13.0
 + certifi==2026.5.20
 + cffi==2.0.0
 + click==8.4.1
 + filelock==3.29.1
 + fsspec==2026.4.0
 + h11==0.16.0
 + hf-xet==1.5.0
 + httpcore==1.0.9
 + httpx==0.28.1
 + huggingface-hub==1.18.0
 + idna==3.18
 + jinja2==3.1.6
 + markdown-it-py==4.2.0
 + markupsafe==3.0.3
 + mdurl==0.1.2
 + miniaudio==1.71
 + mlx==0.31.2
 + mlx-audio==0.4.3
 + mlx-lm==0.31.3
 + mlx-metal==0.31.2
 + numpy==2.4.6
 + packaging==26.2
 + protobuf==7.35.0
 + pycparser==3.0
 + pygments==2.20.0
 + pyyaml==6.0.3
 + regex==2026.5.9
 + rich==15.0.0
 + safetensors==0.7.0
 + scipy==1.17.1
 + sentencepiece==0.2.1
 + shellingham==1.5.4
 + sounddevice==0.5.5
 + tokenizers==0.22.2
 + tqdm==4.68.1
 + transformers==5.10.2
 + typer==0.25.1
 + typing-extensions==4.15.0
install exit 0
=== mlx-audio version + generate API ===
mlx-audio ?
['AudioPlayer', 'Optional', 'Tuple', 'Union', 'argparse', 'audio_write', 'detect_speech_boundaries', 'generate_audio', 'hertz_to_mel', 'load_audio', 'load_model', 'main', 'mx', 'nn', 'np', 'os', 'parse_args', 'remove_silence_on_both_ends', 'sliding_window_view', 'sys', 'write_joined_audio']
=== measure Kokoro RTF ===
Traceback (most recent call last):
  File "<stdin>", line 1, in <module>
ModuleNotFoundError: No module named 'soundfile'
=== kokoro spike exit 1 Fri Jun  5 18:55:26 EDT 2026 ===
